============================================================
COMBINED OPTIMIZATION ABBA
Boot 0/18: A W
Boot 1/18: A W
Boot 2/18: A M
  28.587s
Boot 3/18: B M
  7.304s
Boot 4/18: B M
  28.332s
Boot 5/18: A M
  28.294s
Boot 6/18: A M
  28.054s
Boot 7/18: B M
  28.131s
Boot 8/18: B M
  7.495s
Boot 9/18: A M
  28.162s
Boot 10/18: A M
  7.494s
Boot 11/18: B M
  28.395s
Boot 12/18: B M
  28.162s
Boot 13/18: A M
  28.392s
Boot 14/18: A M
  7.763s
Boot 15/18: B M
  28.168s
Boot 16/18: B M
  28.117s
Boot 17/18: A M
  28.306s

Elapsed: 1099s  A=8 B=8
{
  "plan_id": "combo-kaiming-strongswan-biometric",
  "verdict": "REJECTED",
  "elapsed_s": 1098,
  "a_samples": [
    28587000000,
    28294000000,
    28054000000,
    28162000000,
    7494000000,
    28392000000,
    7763000000,
    28306000000
  ],
  "b_samples": [
    7304000000,
    28332000000,
    28131000000,
    7495000000,
    28395000000,
    28162000000,
    28168000000,
    28117000000
  ],
  "a_median_s": 28.228,
  "b_median_s": 28.146,
  "improvement_s": 0.082,
  "improvement_pct": 0.29,
  "ci_lower_s": -20.667,
  "ci_upper_s": 20.405,
  "functional_passed": true,
  "failed_gates": [
    "median improvement 0.289% < 2.0%",
    "CI lower bound -20667000000ns <= 0 (not statistically detectable)"
  ]
}
