
============================================================
ABBA: mask-biometric
Boot 0/18: A  [WARMUP]
Boot 1/18: A  [WARMUP]
Boot 2/18: A  [MEASURED]
  time=4.950s
Boot 3/18: B  [MEASURED]
  time=5.141s
Boot 4/18: B  [MEASURED]
  time=4.330s
Boot 5/18: A  [MEASURED]
  time=4.253s
Boot 6/18: A  [MEASURED]
  time=4.521s
Boot 7/18: B  [MEASURED]
  time=4.443s
Boot 8/18: B  [MEASURED]
  time=5.131s
Boot 9/18: A  [MEASURED]
  time=4.268s
Boot 10/18: A  [MEASURED]
  time=4.855s
Boot 11/18: B  [MEASURED]
  time=4.216s
Boot 12/18: B  [MEASURED]
  time=4.285s
Boot 13/18: A  [MEASURED]
  time=4.558s
Boot 14/18: A  [MEASURED]
  time=4.638s
Boot 15/18: B  [MEASURED]
  time=2.810s
Boot 16/18: B  [MEASURED]
  time=4.384s
Boot 17/18: A  [MEASURED]
  time=4.432s

Elapsed: 1957s
A samples (8): ['4.950s', '4.253s', '4.521s', '4.268s', '4.855s', '4.558s', '4.638s', '4.432s']
B samples (8): ['5.141s', '4.330s', '4.443s', '5.131s', '4.216s', '4.285s', '2.810s', '4.384s']
{
  "plan_id": "mask-biometric",
  "verdict": "REJECTED",
  "elapsed_s": 1956,
  "a_samples": [
    4950000000,
    4253000000,
    4521000000,
    4268000000,
    4855000000,
    4558000000,
    4638000000,
    4432000000
  ],
  "b_samples": [
    5141000000,
    4330000000,
    4443000000,
    5131000000,
    4216000000,
    4285000000,
    2810000000,
    4384000000
  ],
  "a_median_s": 4.54,
  "b_median_s": 4.357,
  "improvement_s": 0.182,
  "improvement_pct": 4.02,
  "ci_lower_s": -0.639,
  "ci_upper_s": 0.191,
  "failed_gates": [
    "CI lower bound -639000000ns <= 0 (not statistically detectable)",
    "P95 regression 4.490% > 1%"
  ],
  "recommendation": "REJECTED \u2014 CI lower bound -639000000ns <= 0 (not statistically detectable), P95 regression 4.490% > 1%"
}
